// Jest Snapshot v1, https://goo.gl/fbAQLP

exports[`matches snapshot 1`] = `
<DocumentFragment>
  <div>
    <h1>
      Todo List
    </h1>
    <div>
      <h2>
        New Todo
      </h2>
      <form>
        <label>
          Name
        </label>
        <input />
        <button>
          Add Todo
        </button>
      </form>
    </div>
  </div>
</DocumentFragment>
`;
